"src: warning: directory does not exist.â€œ when I build syntaxnet

when I build syntaxnet, a problem occurs that.
ERROR: /home/zwg/.cache/bazel/_bazel_zwg/532f17a1037f0f671972f45f175b09ce/external/protobuf/BUILD:560:1: null failed: protoc failed: error executing command bazel-out/host/bin/external/protobuf/protoc '--python_out=bazel-out/local-opt/genfiles/src' -Isrc external/protobuf/src/google/protobuf/any.proto external/protobuf/src/google/protobuf/api.proto ... (remaining 10 argument(s) skipped): com.google.devtools.build.lib.shell.BadExitStatusException: Process exited with status 1.
src: warning: directory does not exist.
external/protobuf/src/google/protobuf/any.proto: File does not reside within any path specified using --proto_path (or -I).  You must specify a --proto_path which encompasses this file.  Note that the proto_path must be an exact prefix of the .proto file names -- protoc is too dumb to figure out when two paths (e.g. absolute and relative) are equivalent (it's harder than you think).
Build Syntaxnet on my machine with the following configuration:
OS:
[zwg@localhost example]$ cat /proc/version
Linux version 2.6.32-358.el6.x86_64 (mockbuild@c6b8.bsys.dev.centos.org) (gcc version 4.4.7 20120313 (Red Hat 4.4.7-3) (GCC) ) #1 SMP Fri Feb 22 00:31:26 UTC 2013
Python:
[zwg@localhost example]$ python
Python 2.7.10 (default, Oct 10 2016, 02:48:27)
[GCC 4.4.7 20120313 (Red Hat 4.4.7-3)] on linux2
GCC:
[zwg@localhost example]$ gcc -v
Using built-in specs.
COLLECT_GCC=gcc
COLLECT_LTO_WRAPPER=/opt/rh/devtoolset-2/root/usr/libexec/gcc/x86_64-redhat-linux/4.8.2/lto-wrapper
Target: x86_64-redhat-linux
Configured with: ../configure --prefix=/opt/rh/devtoolset-2/root/usr --mandir=/opt/rh/devtoolset-2/root/usr/share/man --infodir=/opt/rh/devtoolset-2/root/usr/share/info --with-bugurl=http://bugzilla.redhat.com/bugzilla --enable-bootstrap --enable-shared --enable-threads=posix --enable-checking=release --with-system-zlib --enable-__cxa_atexit --disable-libunwind-exceptions --enable-gnu-unique-object --enable-linker-build-id --enable-languages=c,c++,fortran,lto --enable-plugin --with-linker-hash-style=gnu --enable-initfini-array --disable-libgcj --with-isl=/dev/shm/home/centos/rpm/BUILD/gcc-4.8.2-20140120/obj-x86_64-redhat-linux/isl-install --with-cloog=/dev/shm/home/centos/rpm/BUILD/gcc-4.8.2-20140120/obj-x86_64-redhat-linux/cloog-install --with-mpc=/dev/shm/home/centos/rpm/BUILD/gcc-4.8.2-20140120/obj-x86_64-redhat-linux/mpc-install --with-tune=generic --with-arch_32=i686 --build=x86_64-redhat-linux
Thread model: posix
gcc version 4.8.2 20140120 (Red Hat 4.8.2-15) (GCC)
JAVA:
[zwg@localhost example]$ java -version
java version "1.8.0_101"
Java(TM) SE Runtime Environment (build 1.8.0_101-b13)
Java HotSpot(TM) 64-Bit Server VM (build 25.101-b13, mixed mode)
BAZEL:
[zwg@localhost example]$ bazel version
Build label: 0.2.2b- (@non-git)
Build target: bazel-out/local-fastbuild/bin/src/main/java/com/google/devtools/build/lib/bazel/BazelServer_deploy.jar
Build time: Mon Oct 10 13:48:34 2016 (1476107314)
Build timestamp: 1476107314
Build timestamp as int: 1476107314