tf.print makes a variable a constant?

In [1]: import tensorflow as tf

In [2]: # using print

In [3]: entcoeff =  tf.Variable([0], dtype=tf.float32, trainable=False)
   ...: entcoeff = tf.Print(entcoeff,[entcoeff,"printing"])

In [4]: tf.assign(entcoeff, [-1.])
---------------------------------------------------------------------------
AttributeError                            Traceback (most recent call last)
<ipython-input-4-dd57efca5923> in <module>()
----> 1 tf.assign(entcoeff, [-1.])

/nohome/jaan/abhishek/anaconda3/lib/python3.6/site-packages/tensorflow/python/ops/state_ops.py in assign(ref, value, validate_shape, use_locking, name)
    270         ref, value, use_locking=use_locking, name=name,
    271         validate_shape=validate_shape)
--> 272   return ref.assign(value)

AttributeError: 'Tensor' object has no attribute 'assign'

In [5]: # not using print

In [6]: entcoeff =  tf.Variable([0], dtype=tf.float32, trainable=False)

In [7]: tf.assign(entcoeff, [-1.])
Out[7]: <tf.Tensor 'Assign:0' shape=(1,) dtype=float32_ref>