Second order derivaties for Pooling operations

Fixes #6143
Fixes #6294
This is still not a complete. I wanted to know whether this is the correct way?
I ran the following code and it worked without any error.
If it is correct, then I will add the same for avg_pool too.
In [1]: import tensorflow as tf
I tensorflow/stream_executor/dso_loader.cc:128] successfully opened CUDA library libcublas.so.7.5 locally
I tensorflow/stream_executor/dso_loader.cc:128] successfully opened CUDA library libcudnn.so.4 locally
I tensorflow/stream_executor/dso_loader.cc:128] successfully opened CUDA library libcufft.so.7.5 locally
I tensorflow/stream_executor/dso_loader.cc:128] successfully opened CUDA library libcuda.so.1 locally
I tensorflow/stream_executor/dso_loader.cc:128] successfully opened CUDA library libcurand.so.7.5 locally

In [2]: x = tf.placeholder(tf.float32, shape=[1, 4, 4, 1])

In [3]: y = tf.nn.max_pool(x, ksize=[1, 2, 2, 1], strides=[1, 2, 2, 1], padding='VALID')

In [4]: dy = tf.gradients(y, x)

In [5]: ddy = tf.gradients(dy, x)