rnn/translate: IOError: [Errno 2] No such file or directory: '/mnt/tf1/translate/giga-fren.release2.fr.gz'

Environment info
Operating System:
$ lsb_release -a
No LSB modules are available.
Distributor ID: Ubuntu
Description:    Ubuntu 14.04.4 LTS
Release:    14.04
Codename:   trusty

Installed version of CUDA and cuDNN:
(please attach the output of ls -l /path/to/cuda/lib/libcud*):
NONE
If installed from binary pip package, provide:

A link to the pip package you installed:
The output from python -c "import tensorflow; print(tensorflow.__version__)".
$ python -c "import tensorflow; print(tensorflow.__version__)" 0.10.0rc0

If possible, provide a minimal reproducible example (We usually don't have time to read hundreds of lines of your code)
$ cd tensorflow/tensorflow/models/rnn/translate/
$ python translate.py --data_dir /mnt/tf1/translate
Preparing WMT data in /mnt/tf1/translate
Downloading http://www.statmt.org/wmt10/training-giga-fren.tar to /mnt/tf1/translate/training-giga-fren.tar
Succesfully downloaded training-giga-fren.tar 2595102720 bytes
Extracting tar file /mnt/tf1/translate/training-giga-fren.tar
Unpacking /mnt/tf1/translate/giga-fren.release2.fr.gz to /mnt/tf1/translate/giga-fren.release2.fr
Traceback (most recent call last):
  File "translate.py", line 290, in <module>
    tf.app.run()
  File "/usr/local/lib/python2.7/dist-packages/tensorflow/python/platform/app.py", line 30, in run
    sys.exit(main(sys.argv))
  File "translate.py", line 287, in main
    train()
  File "translate.py", line 147, in train
    FLAGS.data_dir, FLAGS.en_vocab_size, FLAGS.fr_vocab_size)
  File "/usr/local/lib/python2.7/dist-packages/tensorflow/models/rnn/translate/data_utils.py", line 265, in prepare_wmt_data
    train_path = get_wmt_enfr_train_set(data_dir)
  File "/usr/local/lib/python2.7/dist-packages/tensorflow/models/rnn/translate/data_utils.py", line 83, in get_wmt_enfr_train_set
    gunzip_file(train_path + ".fr.gz", train_path + ".fr")
  File "/usr/local/lib/python2.7/dist-packages/tensorflow/models/rnn/translate/data_utils.py", line 68, in gunzip_file
    with gzip.open(gz_path, "rb") as gz_file:
  File "/usr/lib/python2.7/gzip.py", line 34, in open
    return GzipFile(filename, mode, compresslevel)
  File "/usr/lib/python2.7/gzip.py", line 94, in __init__
    fileobj = self.myfileobj = __builtin__.open(filename, mode or 'rb')
IOError: [Errno 2] No such file or directory: '/mnt/tf1/translate/giga-fren.release2.fr.gz'
ubuntu@ip-10-169-182-86:~/tensorflow/tensorflow/tensorflow/models/rnn/translate$ ls /mnt/tf1/translate/training-giga-fren.tar 

$ ls -l /mnt/tf1/translate/training-giga-fren.tar 
-rw-rw-r-- 1 ubuntu ubuntu 2595102720 Aug 31 10:53 /mnt/tf1/translate/training-giga-fren.tar

What other attempted solutions have you tried?
$ python translate.py --data_dir /mnt/tf1/translate
Preparing WMT data in /mnt/tf1/translate
Extracting tar file /mnt/tf1/translate/training-giga-fren.tar
...(same error)

$ ls -l /mnt/tf1/translate/
total 5073524
-rw-rw-r-- 1 ubuntu ubuntu 1214224978 Aug 30 19:55 giga-fren.release2.fixed.en.gz
-rw-rw-r-- 1 ubuntu ubuntu 1380871453 Aug 29 21:43 giga-fren.release2.fixed.fr.gz
-rw-rw-r-- 1 ubuntu ubuntu 2595102720 Aug 31 10:53 training-giga-fren.tar

Logs or other output that would be helpful
(If logs are large, please upload as attachment or provide link).