install issue! --No module named core.framework.graph_pb2

I build with the source code.
envy@ub1404:~/os_pri/github/tensorflow$ git status
On branch master
Your branch is up-to-date with 'origin/master'.
envy@ub1404:~/os_pri/github$ sudo pip install /tmp/tensorflow_pkg/tensorflow-0.7.1-cp27-none-linux_x86_64.whl
Unpacking /tmp/tensorflow_pkg/tensorflow-0.7.1-cp27-none-linux_x86_64.whl
Requirement already satisfied (use --upgrade to upgrade): six>=1.10.0 in /home/envy/.local/lib/python2.7/site-packages (from tensorflow==0.7.1)
Downloading/unpacking protobuf==3.0.0b2 (from tensorflow==0.7.1)
Downloading protobuf-3.0.0b2-py2.py3-none-any.whl (326kB): 326kB downloaded
Requirement already satisfied (use --upgrade to upgrade): wheel in /usr/lib/python2.7/dist-packages (from tensorflow==0.7.1)
Requirement already satisfied (use --upgrade to upgrade): numpy>=1.8.2 in /home/envy/.local/lib/python2.7/site-packages (from tensorflow==0.7.1)
Requirement already satisfied (use --upgrade to upgrade): setuptools in /home/envy/.local/lib/python2.7/site-packages (from protobuf==3.0.0b2->tensorflow==0.7.1)
Installing collected packages: tensorflow, protobuf
Successfully installed tensorflow protobuf
Cleaning up...
envy@ub1404:~/os_pri/github$ pip show protobuf
Name: protobuf
Version: 3.0.0b2
Location: /usr/local/lib/python2.7/dist-packages
Requires: setuptools, six
envy@ub1404:~/os_pri/github$ pip show tensorflow
Name: tensorflow
Version: 0.7.1
Location: /usr/local/lib/python2.7/dist-packages
Requires: six, protobuf, wheel, numpy
envy@ub1404:~/os_pri/github$ python tensorflow/tensorflow/models/image/mnist/convolutional.py
Traceback (most recent call last):
File "tensorflow/tensorflow/models/image/mnist/convolutional.py", line 34, in 
import tensorflow as tf
File "/home/envy/os_pri/github/tensorflow/tensorflow/init.py", line 23, in 
from tensorflow.python import *
File "/home/envy/os_pri/github/tensorflow/tensorflow/python/init.py", line 41, in 
raise ImportError(msg)
ImportError: Traceback (most recent call last):
File "/home/envy/os_pri/github/tensorflow/tensorflow/python/init.py", line 35, in 
from tensorflow.core.framework.graph_pb2 import *
ImportError: No module named core.framework.graph_pb2
Error importing tensorflow.  Unless you are using bazel,
you should not try to import tensorflow from its source directory;
please exit the tensorflow source tree, and relaunch your python interpreter
from there.
envy@ub1404:~/os_pri/github$