Wheel not supported installation problem: GPU Ubuntu 64 bit

My installation attempt failed on the last step:
drake@sparky:~$ sudo pip3 install --upgrade $TF_BINARY_URL
[sudo] password for drake: 
The directory '/home/drake/.cache/pip/http' or its parent directory is not owned by the current user and the cache has been disabled. Please check the permissions and owner of that directory. If executing pip with sudo, you may want sudo's -H flag.
The directory '/home/drake/.cache/pip' or its parent directory is not owned by the current user and caching wheels has been disabled. check the permissions and owner of that directory. If executing pip with sudo, you may want sudo's -H flag.
tensorflow-0.9.0-cp35-cp35m-linux_x86_64.whl is not a supported wheel on this platform.
drake@sparky:~$ whoami
drake
drake@sparky:~$ sudo -H pip3 install --upgrade $TF_BINARY_URL
tensorflow-0.9.0-cp35-cp35m-linux_x86_64.whl is not a supported wheel on this platform.

What to do?
Environment info
Operating System:
drake@sparky:/usr/local/bin/cuda/include$ uname -a
Linux sparky 3.13.0-88-generic #135-Ubuntu SMP Wed Jun 8 21:10:42 UTC 2016 x86_64 x86_64 x86_64 GNU/Linux

Installed version of CUDA and cuDNN:
I've installed cuda-repo-ubuntu1404_7.5-18_amd64.deb.
I think I've installed cuDNN 5.0, but the instructions there are vague offer no way to test it.
(please attach the output of ls -l /path/to/cuda/lib/libcud*):
drake@sparky:/usr/local/bin/cuda$ ls -l lib64/libcud*
lrwxrwxrwx 1 root root       13 Jun 28 09:21 lib64/libcudnn.so -> libcudnn.so.5
lrwxrwxrwx 1 root root       17 Jun 28 09:21 lib64/libcudnn.so.5 -> libcudnn.so.5.0.5
-rwxr-xr-x 1 root root 59909104 Jun 28 09:21 lib64/libcudnn.so.5.0.5
-rw-r--r-- 1 root root 58775484 Jun 28 09:21 lib64/libcudnn_static.a

If installed from binary pip package, provide:

Which pip package you installed.

See above

The output from python -c "import tensorflow; print(tensorflow.__version__)".

drake@sparky:/usr/local/bin/cuda$ python3 -c "import tensorflow; print(tensorflow.__version__)"
Traceback (most recent call last):
  File "<string>", line 1, in <module>
ImportError: No module named 'tensorflow'