Install problems

I try to install tensorflow on Ubuntu 15
uname -a
Linux peter-linux 4.2.0-19-generic #23-Ubuntu SMP Wed Nov 11 11:39:30 UTC 2015 x86_64 x86_64 x86_64 GNU/Linux
peter@peter-linux:~/tensorflow$ python
Python 2.7.10 (default, Oct 14 2015, 16:09:02)
[GCC 5.2.1 20151010] on linux2
Type "help", "copyright", "credits" or "license" for more information.



exit()
peter@peter-linux:/tensorflow$ set|grep LD_LIBRARY
LD_LIBRARY_PATH=/usr/local/cuda/lib64:/usr/local/lib/python2.7/dist-packages/tensorflow/python/:
peter@peter-linux:/tensorflow$ set|grep CUDA
CUDA_HOME=/usr/local/cuda-7.0
ll /usr/local/cuda
lrwxrwxrwx 1 root root 8 nov 14 11:39 /usr/local/cuda -> cuda-7.0/
peter@peter-linux:/tensorflow$ ls  /usr/local/cuda/lib64/libcudnn*
/usr/local/cuda/lib64/libcudnn.so      /usr/local/cuda/lib64/libcudnn.so.6.5.48  /usr/local/cuda/lib64/libcudnn.so.7.0.64
/usr/local/cuda/lib64/libcudnn.so.6.5  /usr/local/cuda/lib64/libcudnn.so.7.0     /usr/local/cuda/lib64/libcudnn_static.a
peter@peter-linux:/tensorflow$ pip -V
pip 1.5.6 from /usr/lib/python2.7/dist-packages (python 2.7)
pip install --upgrade https://storage.googleapis.com/tensorflow/linux/gpu/tensorflow-0.5.0-cp27-none-linux_x86_64.whl
......
warning: no previously-included files matching '.pyo' found anywhere in distribution
warning: no previously-included files matching '.pyd' found anywhere in distribution
changing mode of /home/peter/.local/bin/f2py to 775
Successfully installed tensorflow six numpy
Cleaning up...
python
Python 2.7.10 (default, Oct 14 2015, 16:09:02)
[GCC 5.2.1 20151010] on linux2
Type "help", "copyright", "credits" or "license" for more information.
import tensorflow as tf
Traceback (most recent call last):
File "", line 1, in 
File "tensorflow/init.py", line 4, in 
from tensorflow.python import *
File "tensorflow/tensorflow/init.py", line 23, in 
from tensorflow.python import *
File "tensorflow/python/init.py", line 13, in 
from tensorflow.core.framework.graph_pb2 import *
File "tensorflow/core/framework/graph_pb2.py", line 6, in 
from google.protobuf import descriptor as _descriptor
ImportError: No module named protobuf



or as it looks now
Downloading/unpacking https://storage.googleapis.com/tensorflow/linux/gpu/tensorflow-0.5.0-cp27-none-linux_x86_64.whl
Downloading tensorflow-0.5.0-cp27-none-linux_x86_64.whl (50.5MB): 50.5MB downloaded
Requirement already up-to-date: six>=1.10.0 in /usr/local/lib/python2.7/dist-packages/six-1.10.0-py2.7.egg (from tensorflow==0.5.0)
Requirement already up-to-date: numpy>=1.9.2 in /home/peter/.local/lib/python2.7/site-packages (from tensorflow==0.5.0)
Installing collected packages: tensorflow
Successfully installed tensorflow
Cleaning up...
(tensorflow)peter@peter-linux:~/tensorflow$ python
Python 2.7.10 (default, Oct 14 2015, 16:09:02)
[GCC 5.2.1 20151010] on linux2
Type "help", "copyright", "credits" or "license" for more information.



import tensorflow as tf
Traceback (most recent call last):
File "", line 1, in 
File "tensorflow/init.py", line 4, in 
from tensorflow.python import *
File "tensorflow/tensorflow/python/init.py", line 61, in 
from tensorflow.python.util import compat
ImportError: cannot import name compat