Make binary ops delegate to rhs when tensor conversion fails

Fixes #8051.
The goal is to allow users to choose whether tensor + something should call tensor's __add__() method or something's __radd__() method.
Example usage:
>>> import tensorflow as tf
>>> tensor = tf.constant(3.0)
>>> class MagicMatrix(object):
...   def __radd__(self, lhs):
...     print("MagicMatrix.__radd__", lhs)
... 
>>> tensor + MagicMatrix()
MagicMatrix.__radd__ Tensor("Const:0", shape=(), dtype=float32)

If the RHS's type does not define the reverse method (in this example __radd__()) then the usual behavior applies:
>>> class MagicMatrix(object):
...   pass
... 
>>> tensor + MagicMatrix()
Traceback (most recent call last):
[...]
TypeError: Expected float32, got <__main__.MagicMatrix object at 0x7f14e32aa978> of type 'MagicMatrix' instead.