Tensorflow on ARMv7

I am running Ubuntu 14.04 on a ARMv7 equipped SoC. I successfully compiled bazel and installed the necessary dependencies.
Some details on:
gcc
$ g++ --version
g++ (Ubuntu/Linaro 4.8.4-2ubuntu1~14.04.1) 4.8.4

python
$ python --version
Python 2.7.6

pip
$ pip --version
pip 8.0.2 from /usr/local/lib/python2.7/dist-packages (python 2.7) 

and bazel
$ bazel version
Build label: head (@d774022)

I just cloned the TensorFlow repository (commit: 225de5e) and I run most of the TensorFlow compilation. But at a certain point I get this error:
root@soc:~/tensorflow$ bazel build --verbose_failures -c opt //tensorflow/tools/pip_package:build_pip_package
INFO: Waiting for response from Bazel server (pid 2045)...
WARNING: Sandboxed execution is not supported on your system and thus hermeticity of actions cannot be guaranteed. See http://bazel.io/docs/bazel-user-manual.html#sandboxing for more information. You can turn off this warning via --ignore_unsupported_sandboxing.
INFO: Found 1 target...
INFO: From Compiling tensorflow/python/lib/core/py_func.cc:
In file included from third_party/py/numpy/numpy_include/numpy/ndarraytypes.h:1761:0,
                 from third_party/py/numpy/numpy_include/numpy/ndarrayobject.h:17,
                 from third_party/py/numpy/numpy_include/numpy/arrayobject.h:4,
                 from tensorflow/python/lib/core/py_func.cc:19:
third_party/py/numpy/numpy_include/numpy/npy_1_7_deprecated_api.h:15:2: warning: #warning "Using deprecated NumPy API, disable it by " "#defining NPY_NO_DEPRECATED_API NPY_1_7_API_VERSION" [-Wcpp]
 #warning "Using deprecated NumPy API, disable it by " \
  ^
ERROR: /home/turing/tensorflow/tensorflow/core/BUILD:359:1: C++ compilation of rule '//tensorflow/core:kernel_lib' failed: gcc failed: error executing command 
  (cd /home/turing/.cache/bazel/_bazel_turing/508b67e7022bdc82335b30f64f498c49/tensorflow && \
  exec env - \
    PATH=/opt/bazel/output:/usr/local/sbin:/usr/local/bin:/usr/sbin:/usr/bin:/sbin:/bin:/usr/games:/usr/local/games \
  /usr/bin/gcc -U_FORTIFY_SOURCE '-D_FORTIFY_SOURCE=1' -fstack-protector -Wall -Wunused-but-set-parameter -Wno-free-nonheap-object -fno-omit-frame-pointer -g0 -O2 -DNDEBUG -ffunction-sections -fdata-sections '-std=c++0x' -iquote . -iquote bazel-out/local_linux-opt/genfiles -iquote external/bazel_tools -iquote bazel-out/local_linux-opt/genfiles/external/bazel_tools -iquote external/jpeg_archive -iquote bazel-out/local_linux-opt/genfiles/external/jpeg_archive -iquote external/png_archive -iquote bazel-out/local_linux-opt/genfiles/external/png_archive -iquote external/re2 -iquote bazel-out/local_linux-opt/genfiles/external/re2 -iquote external/eigen_archive -iquote bazel-out/local_linux-opt/genfiles/external/eigen_archive -isystem google/protobuf/src -isystem bazel-out/local_linux-opt/genfiles/google/protobuf/src -isystem external/bazel_tools/tools/cpp/gcc3 -isystem external/jpeg_archive/jpeg-9a -isystem bazel-out/local_linux-opt/genfiles/external/jpeg_archive/jpeg-9a -isystem external/png_archive/libpng-1.2.53 -isystem bazel-out/local_linux-opt/genfiles/external/png_archive/libpng-1.2.53 -isystem external/re2 -isystem bazel-out/local_linux-opt/genfiles/external/re2 -isystem third_party/eigen3 -isystem bazel-out/local_linux-opt/genfiles/third_party/eigen3 -isystem external/eigen_archive/eigen-eigen-fe78cbc4f8f9 -isystem bazel-out/local_linux-opt/genfiles/external/eigen_archive/eigen-eigen-fe78cbc4f8f9 -isystem third_party/gpus/cuda -isystem bazel-out/local_linux-opt/genfiles/third_party/gpus/cuda -isystem third_party/gpus/cuda/include -isystem bazel-out/local_linux-opt/genfiles/third_party/gpus/cuda/include -fno-exceptions -DEIGEN_AVOID_STL_ARRAY -pthread -no-canonical-prefixes -fno-canonical-system-headers -Wno-builtin-macro-redefined '-D__DATE__="redacted"' '-D__TIMESTAMP__="redacted"' '-D__TIME__="redacted"' '-frandom-seed=bazel-out/local_linux-opt/bin/tensorflow/core/_objs/kernel_lib/tensorflow/core/kernels/relu_op.pic.o' -MD -MF bazel-out/local_linux-opt/bin/tensorflow/core/_objs/kernel_lib/tensorflow/core/kernels/relu_op.pic.d -fPIC -c tensorflow/core/kernels/relu_op.cc -o bazel-out/local_linux-opt/bin/tensorflow/core/_objs/kernel_lib/tensorflow/core/kernels/relu_op.pic.o): com.google.devtools.build.lib.shell.BadExitStatusException: Process exited with status 4: gcc failed: error executing command 
  (cd /home/turing/.cache/bazel/_bazel_turing/508b67e7022bdc82335b30f64f498c49/tensorflow && \
  exec env - \
    PATH=/opt/bazel/output:/usr/local/sbin:/usr/local/bin:/usr/sbin:/usr/bin:/sbin:/bin:/usr/games:/usr/local/games \
  /usr/bin/gcc -U_FORTIFY_SOURCE '-D_FORTIFY_SOURCE=1' -fstack-protector -Wall -Wunused-but-set-parameter -Wno-free-nonheap-object -fno-omit-frame-pointer -g0 -O2 -DNDEBUG -ffunction-sections -fdata-sections '-std=c++0x' -iquote . -iquote bazel-out/local_linux-opt/genfiles -iquote external/bazel_tools -iquote bazel-out/local_linux-opt/genfiles/external/bazel_tools -iquote external/jpeg_archive -iquote bazel-out/local_linux-opt/genfiles/external/jpeg_archive -iquote external/png_archive -iquote bazel-out/local_linux-opt/genfiles/external/png_archive -iquote external/re2 -iquote bazel-out/local_linux-opt/genfiles/external/re2 -iquote external/eigen_archive -iquote bazel-out/local_linux-opt/genfiles/external/eigen_archive -isystem google/protobuf/src -isystem bazel-out/local_linux-opt/genfiles/google/protobuf/src -isystem external/bazel_tools/tools/cpp/gcc3 -isystem external/jpeg_archive/jpeg-9a -isystem bazel-out/local_linux-opt/genfiles/external/jpeg_archive/jpeg-9a -isystem external/png_archive/libpng-1.2.53 -isystem bazel-out/local_linux-opt/genfiles/external/png_archive/libpng-1.2.53 -isystem external/re2 -isystem bazel-out/local_linux-opt/genfiles/external/re2 -isystem third_party/eigen3 -isystem bazel-out/local_linux-opt/genfiles/third_party/eigen3 -isystem external/eigen_archive/eigen-eigen-fe78cbc4f8f9 -isystem bazel-out/local_linux-opt/genfiles/external/eigen_archive/eigen-eigen-fe78cbc4f8f9 -isystem third_party/gpus/cuda -isystem bazel-out/local_linux-opt/genfiles/third_party/gpus/cuda -isystem third_party/gpus/cuda/include -isystem bazel-out/local_linux-opt/genfiles/third_party/gpus/cuda/include -fno-exceptions -DEIGEN_AVOID_STL_ARRAY -pthread -no-canonical-prefixes -fno-canonical-system-headers -Wno-builtin-macro-redefined '-D__DATE__="redacted"' '-D__TIMESTAMP__="redacted"' '-D__TIME__="redacted"' '-frandom-seed=bazel-out/local_linux-opt/bin/tensorflow/core/_objs/kernel_lib/tensorflow/core/kernels/relu_op.pic.o' -MD -MF bazel-out/local_linux-opt/bin/tensorflow/core/_objs/kernel_lib/tensorflow/core/kernels/relu_op.pic.d -fPIC -c tensorflow/core/kernels/relu_op.cc -o bazel-out/local_linux-opt/bin/tensorflow/core/_objs/kernel_lib/tensorflow/core/kernels/relu_op.pic.o): com.google.devtools.build.lib.shell.BadExitStatusException: Process exited with status 4.
gcc: internal compiler error: Killed (program cc1plus)
Please submit a full bug report,
with preprocessed source if appropriate.
See <file:///usr/share/doc/gcc-4.8/README.Bugs> for instructions.
Target //tensorflow/tools/pip_package:build_pip_package failed to build
INFO: Elapsed time: 599.857s, Critical Path: 587.04s

How can I fix or workaround it?
Thank you.