Cannot import tensorflow in IPython3 (while in normal python3 IDLE works fine) after pip installation

I have installed tensorflow-gpu via pip installation and I am experiencing this issue. I cannot import it in IPython3 but it works fine with the regular python3.
petrux@orion:~$ ipython -c "import tensorflow; print(tensorflow.__version__)"
1.1.0
petrux@orion:~$ python -c "import tensorflow as tf; print(tf.GIT_VERSION, tf.VERSION)"
('v1.1.0-rc0-61-g1ec6ed5', '1.1.0')
petrux@orion:~$ python3 -c "import tensorflow as tf; print(tf.GIT_VERSION, tf.VERSION)"
v1.1.0-rc0-61-g1ec6ed5 1.1.0
petrux@orion:~$ ipython -c "import tensorflow as tf; print(tf.GIT_VERSION, tf.VERSION)"
('v1.1.0-rc0-61-g1ec6ed5', '1.1.0')
petrux@orion:~$ ipython3 -c "import tensorflow as tf; print(tf.GIT_VERSION, tf.VERSION)"
---------------------------------------------------------------------------
ImportError                               Traceback (most recent call last)
<ipython-input-1-5730349aae22> in <module>()
----> 1 import tensorflow as tf; print(tf.GIT_VERSION, tf.VERSION)

/usr/local/lib/python3.5/dist-packages/tensorflow/__init__.py in <module>()
     22 
     23 # pylint: disable=wildcard-import
---> 24 from tensorflow.python import *
     25 # pylint: enable=wildcard-import
     26 

/usr/local/lib/python3.5/dist-packages/tensorflow/python/__init__.py in <module>()
     52 
     53 # Protocol buffers
---> 54 from tensorflow.core.framework.graph_pb2 import *
     55 from tensorflow.core.framework.node_def_pb2 import *
     56 from tensorflow.core.framework.summary_pb2 import *

/usr/local/lib/python3.5/dist-packages/tensorflow/core/framework/graph_pb2.py in <module>()
      4 import sys
      5 _b=sys.version_info[0]<3 and (lambda x:x) or (lambda x:x.encode('latin1'))
----> 6 from google.protobuf import descriptor as _descriptor
      7 from google.protobuf import message as _message
      8 from google.protobuf import reflection as _reflection

ImportError: No module named 'google.protobuf'; 'google' is not a package
System information

OS Platform and Distribution (e.g., Linux Ubuntu 16.04): Linux Ubuntu 16.04
TensorFlow installed from (source or binary): pip
TensorFlow version (use command below): ('v1.1.0-rc0-61-g1ec6ed5', '1.1.0')