undefined symbol error for _dataset_ops.so on rasp pi

OS Platform and Distribution (e.g., Linux Ubuntu 16.04):

$ uname -a
Linux pi_c 4.4.13-v7+ #894 SMP Mon Jun 13 13:13:27 BST 2016 armv7l GNU/Linux
$ cat /etc/issue
Raspbian GNU/Linux 8 \n \l


TensorFlow installed from (source or binary):

installed from nightly wheel http://ci.tensorflow.org/view/Nightly/job/nightly-pi-python3/

TensorFlow version (use command below):

$ python3 -c "import tensorflow as tf; print(tf.GIT_VERSION, tf.VERSION)"
v1.6.0-rc1-1295-g851c289 1.6.0


Python version:

$ python3 --version
Python 3.4.2


CUDA/cuDNN version:  N/A   running cpu on pi

Have I written custom code NA
Bazel version NA
GPU model and memory NA

Exact command to reproduce:

$ python3 -c "import tensorflow.contrib.slim as slim"
Traceback (most recent call last):
  File "<string>", line 1, in <module>
  File "/usr/local/lib/python3.4/dist-packages/tensorflow/contrib/__init__.py", line 33, in <module>
    from tensorflow.contrib import data
  File "/usr/local/lib/python3.4/dist-packages/tensorflow/contrib/data/__init__.py", line 63, in <module>
    from tensorflow.contrib.data.python.ops.error_ops import ignore_errors
  File "/usr/local/lib/python3.4/dist-packages/tensorflow/contrib/data/python/ops/error_ops.py", line 20, in <module>
    from tensorflow.contrib.data.python.ops import contrib_op_loader  # pylint: disable=unused-import
  File "/usr/local/lib/python3.4/dist-packages/tensorflow/contrib/data/python/ops/contrib_op_loader.py", line 24, in <module>
    resource_loader.get_path_to_datafile("../../_dataset_ops.so"))
  File "/usr/local/lib/python3.4/dist-packages/tensorflow/contrib/util/loader.py", line 56, in load_op_library
    ret = load_library.load_op_library(path)
  File "/usr/local/lib/python3.4/dist-packages/tensorflow/python/framework/load_library.py", line 58, in load_op_library
    lib_handle = py_tf.TF_LoadLibrary(library_filename, status)
  File "/usr/local/lib/python3.4/dist-packages/tensorflow/python/framework/errors_impl.py", line 516, in __exit__
    c_api.TF_GetCode(self.status.status))
tensorflow.python.framework.errors_impl.NotFoundError: /usr/local/lib/python3.4/dist-packages/tensorflow/contrib/data/python/ops/../../_dataset_ops.so: undefined symbol: _ZN6google8protobuf8internal9ArenaImpl15AllocateAlignedEj

Describe the problem
Import of slim fails with .so error (as described above). doubt it's actually slim, it was just the first import to reference _dataset_ops.so